1<br>
0<br>
1<br>
0<br>
0<br>
0<br>
1<br>
1<br>
1<br>
0<br>
1<br>
0<br>
-10<br>
19<br>
