30.1234
19.8766
128.086
4.87952
0
1
1
0
1
1
0
0
10.2469
0
26.2497
1
1
1
0
0
0
1
0
1
