3<br>
-1<br>
2<br>
50<br>
99<br>
0<br>
1<br>
99<br>
1<br>
0<br>
99<br>
1<br>
0<br>
99<br>
1<br>
1<br>
0<br>
99<br>
0<br>
1<br>
99<br>
0<br>
1<br>
1<br>
