<h1>Hello Kam!</h1>
<h2>Hello Kam!</h2>
<p>Hello Kam!</p>
<li>Hello Kam!</li>
